
> school-id-extractor@0.1.0 build
> next build

▲ Next.js 16.2.10 (Turbopack)
- Environments: .env.local
- Experiments (use with caution):
  · clientTraceMetadata

  Creating an optimized production build ...
✓ Compiled successfully in 6.8s
  Running next.config.js provided runAfterProductionCompile ...
✓ Completed runAfterProductionCompile in 8.6s
  Running TypeScript ...
  Finished TypeScript in 4.9s ...
  Collecting page data using 11 workers ...
  Generating static pages using 11 workers (0/12) ...
  Generating static pages using 11 workers (3/12) 
  Generating static pages using 11 workers (6/12) 
  Generating static pages using 11 workers (9/12) 
✓ Generating static pages using 11 workers (12/12) in 1043ms
  Finalizing page optimization ...

Route (app)
┌ ○ /
├ ○ /_not-found
├ ƒ /api/export
├ ƒ /api/extract
├ ƒ /api/schools
├ ƒ /api/sections
├ ƒ /api/students
├ ○ /quick
├ ○ /schools
└ ○ /sentry-example-page


○  (Static)   prerendered as static content
ƒ  (Dynamic)  server-rendered on demand

